[websitedemos.net/digital-agency-02/index6195.html]
[backblue.gif]
[fade.gif]
[index.html]
[websitedemos.net/digital-agency-02/wp-content/themes/astra/assets/css/minified/main.min4641.css]
[websitedemos.net/digital-agency-02/index.html]
[websitedemos.net/digital-agency-02/wp-content/plugins/header-footer-elementor/inc/widgets-css/frontend8dff.css]
[websitedemos.net/digital-agency-02/feed/index.html]
[websitedemos.net/digital-agency-02/wp-content/plugins/header-footer-elementor/assets/css/header-footer-elementor8dff.css]
[websitedemos.net/digital-agency-02/wp-content/plugins/latepoint/public/stylesheets/front7092.css]
[websitedemos.net/digital-agency-02/wp-content/plugins/elementor/assets/lib/eicons/css/elementor-icons.min2778.css]
[websitedemos.net/digital-agency-02/wp-content/plugins/elementor/assets/css/frontend.min242d.css]
[websitedemos.net/digital-agency-02/comments/feed/index.html]
[websitedemos.net/digital-agency-02/wp-content/uploads/sites/836/elementor/css/post-7aa7e.css]
[websitedemos.net/digital-agency-02/wp-content/plugins/astra-sites-showcase/assets/css/blocks18f6.css]
[websitedemos.net/digital-agency-02/wp-content/plugins/elementor/assets/css/widget-heading.min242d.css]
[websitedemos.net/digital-agency-02/wp-content/plugins/elementor/assets/css/widget-icon-list.min242d.css]
[websitedemos.net/digital-agency-02/wp-content/plugins/elementor/assets/css/widget-image.min242d.css]
[websitedemos.net/digital-agency-02/wp-content/plugins/elementor/assets/lib/swiper/v8/css/swiper.min94a4.css]
[websitedemos.net/digital-agency-02/wp-content/plugins/elementor/assets/css/conditionals/e-swiper.min242d.css]
[websitedemos.net/digital-agency-02/wp-content/plugins/elementor/assets/css/widget-image-gallery.min242d.css]
[websitedemos.net/digital-agency-02/wp-content/uploads/sites/836/elementor/css/post-6b2d7.css]
[websitedemos.net/digital-agency-02/wp-content/plugins/elementor/assets/lib/eicons/css/elementor-icons.min705c.css]
[websitedemos.net/digital-agency-02/wp-content/plugins/elementor/assets/css/widget-icon-list.min44b4.css]
[websitedemos.net/digital-agency-02/wp-content/plugins/elementor/assets/css/widget-social-icons.min2401.css]
[websitedemos.net/digital-agency-02/wp-content/plugins/elementor/assets/lib/font-awesome/css/brands52d5.css]
[websitedemos.net/digital-agency-02/wp-content/plugins/elementor/assets/lib/font-awesome/css/fontawesome52d5.css]
[websitedemos.net/digital-agency-02/wp-content/plugins/elementor/assets/lib/font-awesome/css/solid52d5.css]
[websitedemos.net/digital-agency-02/wp-content/uploads/sites/836/elementor/google-fonts/css/roboto667e.css]
[websitedemos.net/digital-agency-02/wp-content/uploads/sites/836/elementor/google-fonts/css/robotoslab025e.css]
[websitedemos.net/digital-agency-02/wp-content/plugins/elementor/assets/lib/font-awesome/css/fontawesome.min52d5.css]
[websitedemos.net/digital-agency-02/wp-content/plugins/elementor/assets/lib/font-awesome/css/solid.min52d5.css]
[websitedemos.net/digital-agency-02/wp-includes/js/jquery/jquery.minf43b.js]
[websitedemos.net/digital-agency-02/wp-includes/js/jquery/jquery-migrate.min5589.js]
[websitedemos.net/digital-agency-02/wp-content/plugins/latepoint/public/javascripts/vendor-front7092.js]
[websitedemos.net/digital-agency-02/wp-includes/js/dist/hooks.min4fdd.js]
[websitedemos.net/digital-agency-02/wp-includes/js/dist/i18n.minc33c.js]
[websitedemos.net/digital-agency-02/wp-content/plugins/latepoint/public/javascripts/front7092.js]
[websitedemos.net/digital-agency-02/wp-includes/js/dist/dom-ready.min5346.js]
[websitedemos.net/digital-agency-02/wp-includes/js/dist/vendor/wp-polyfill.min2c7c.js]
[websitedemos.net/digital-agency-02/wp-includes/js/dist/url.mind63a.js]
[websitedemos.net/digital-agency-02/wp-content/plugins/astra-sites-server/dist/template-preview/mainace1.js]
[websitedemos.net/digital-agency-02/wp-json/wp/v2/pages/6.json]
[websitedemos.net/digital-agency-02/xmlrpc0db0.php]
[websitedemos.net/digital-agency-02/wp-json/index.html]
[websitedemos.net/digital-agency-02/wp-json/oembed/1.0/embed1c6e.json]
[websitedemos.net/digital-agency-02/wp-json/oembed/1.0/embed5e34]
[websitedemos.net/digital-agency-02/wp-content/uploads/sites/836/2021/05/logo.svg]
[websitedemos.net/digital-agency-02/wp-content/uploads/sites/836/2021/05/about.jpg]
[websitedemos.net/digital-agency-02/wp-content/uploads/sites/836/2021/05/client-logo-1.png]
[websitedemos.net/digital-agency-02/wp-content/uploads/sites/836/2021/05/client-logo-2.png]
[websitedemos.net/digital-agency-02/services/index.html]
[websitedemos.net/digital-agency-02/wp-content/uploads/sites/836/2021/05/client-logo-5.png]
[websitedemos.net/digital-agency-02/wp-content/uploads/sites/836/2021/05/client-logo-4.png]
[websitedemos.net/digital-agency-02/wp-content/uploads/sites/836/2021/05/cta-img.jpg]
[websitedemos.net/digital-agency-02/about/index.html]
[websitedemos.net/digital-agency-02/wp-content/uploads/sites/836/2021/05/gallery-1.jpg]
[websitedemos.net/digital-agency-02/wp-content/uploads/sites/836/2021/05/gallery-2.jpg]
[websitedemos.net/digital-agency-02/wp-content/uploads/sites/836/2021/05/gallery-3.jpg]
[websitedemos.net/cdn-cgi/scripts/5c5dd728/cloudflare-static/email-decode.min.js]
[websitedemos.net/digital-agency-02/contact/index.html]
[websitedemos.net/digital-agency-02/wp-content/themes/astra/assets/css/minified/galleries.min4641.css]
[websitedemos.net/digital-agency-02/wp-content/plugins/wpforms-lite/assets/css/frontend/classic/wpforms-base.mine4b2.css]
[websitedemos.net/digital-agency-02/wp-content/themes/astra/assets/js/minified/frontend.min4641.js]
[websitedemos.net/digital-agency-02/wp-content/plugins/elementor/assets/js/webpack.runtime.min242d.js]
[websitedemos.net/digital-agency-02/wp-content/plugins/elementor/assets/js/frontend-modules.min242d.js]
[websitedemos.net/digital-agency-02/wp-includes/js/jquery/ui/core.minb37e.js]
[websitedemos.net/digital-agency-02/wp-content/plugins/elementor/assets/js/frontend.min242d.js]
[websitedemos.net/digital-agency-02/wp-content/plugins/elementor/assets/lib/swiper/v8/swiper.min94a4.js]
[websitedemos.net/digital-agency-02/wp-content/plugins/astra-pro-sites/inc/lib/onboarding/assets/dist/template-preview/maina11c.js]
[websitedemos.net/digital-agency-02/wp-includes/js/dist/vendor/react.mine1ab.js]
[websitedemos.net/digital-agency-02/wp-includes/js/dist/vendor/react-dom.mine1ab.js]
[websitedemos.net/digital-agency-02/wp-includes/js/dist/escape-html.min3a9d.js]
[websitedemos.net/digital-agency-02/wp-includes/js/dist/element.minfa0f.js]
[websitedemos.net/digital-agency-02/wp-content/plugins/astra-sites-server/admin/showcase-cta/switcher/dist/main150d.js]
[websitedemos.net/digital-agency-02/wp-includes/js/underscore.min3ab8.js]
[websitedemos.net/digital-agency-02/wp-includes/js/wp-util.min6c2d.js]
[websitedemos.net/digital-agency-02/wp-content/plugins/wpforms-lite/assets/js/frontend/wpforms.mine4b2.js]
[websitedemos.net/digital-agency-02/wp-content/plugins/wpforms-lite/assets/js/integrations/elementor/frontend.mine4b2.js]
[websitedemos.net/digital-agency-02/wp-content/plugins/wpforms-lite/assets/lib/jquery.validate.min3c17.js]
[websitedemos.net/digital-agency-02/wp-content/plugins/wpforms-lite/assets/lib/mailcheck.mincfa9.js]
[websitedemos.net/digital-agency-02/wp-content/plugins/wpforms-lite/assets/lib/punycode.min8a54.js]
[websitedemos.net/digital-agency-02/wp-content/plugins/wpforms-lite/assets/js/share/utils.mine4b2.js]
[websitedemos.net/digital-agency-02/index6195.html]
[websitedemos.net/digital-agency-02/index.html]
[websitedemos.net/digital-agency-02/wp-content/themes/astra/assets/css/minified/main.min4641.css]
[websitedemos.net/digital-agency-02/wp-content/plugins/header-footer-elementor/inc/widgets-css/frontend8dff.css]
[websitedemos.net/digital-agency-02/wp-content/plugins/wpforms-lite/assets/js/frontend/fields/address.mine4b2.js]
[websitedemos.net/wp-content/plugins/latepoint/public/images/apple-logo-compact.png]
[websitedemos.net/wp-content/plugins/latepoint/public/images/google-logo-compact.png]
[websitedemos.net/wp-content/plugins/latepoint/public/images/outlook-logo-compact.png]
[websitedemos.net/wp-content/plugins/latepoint/public/images/office-365-logo-compact.jpg]
[websitedemos.net/wp-content/plugins/latepoint/public/images/location-image.png]
[websitedemos.net/digital-agency-02/wp-content/plugins/latepoint/public/images/intl-tel-input/flags.png]
[websitedemos.net/digital-agency-02/wp-content/plugins/latepoint/public/images/intl-tel-input/flags@2x.png]
[websitedemos.net/digital-agency-02/wp-content/plugins/latepoint/public/stylesheets/front7092.css]
[websitedemos.net/digital-agency-02/wp-content/plugins/header-footer-elementor/assets/css/header-footer-elementor8dff.css]
[websitedemos.net/digital-agency-02/wp-content/plugins/elementor/assets/lib/eicons/fonts/eicons4518.eot]
[websitedemos.net/digital-agency-02/wp-content/plugins/elementor/assets/lib/eicons/fonts/eicons4518.woff2]
[websitedemos.net/digital-agency-02/wp-content/plugins/elementor/assets/lib/eicons/fonts/eicons4518.woff]
[websitedemos.net/digital-agency-02/wp-content/plugins/elementor/assets/lib/eicons/fonts/eicons4518.ttf]
[websitedemos.net/digital-agency-02/wp-content/plugins/elementor/assets/lib/eicons/css/elementor-icons.min2778.css]
[websitedemos.net/digital-agency-02/wp-content/plugins/elementor/assets/css/frontend.min242d.css]
[websitedemos.net/digital-agency-02/wp-content/uploads/sites/836/elementor/css/post-7aa7e.css]
[websitedemos.net/digital-agency-02/wp-content/plugins/astra-sites-showcase/assets/css/blocks18f6.css]
[websitedemos.net/digital-agency-02/wp-content/plugins/elementor/assets/css/widget-heading.min242d.css]
[websitedemos.net/digital-agency-02/wp-content/plugins/elementor/assets/css/widget-icon-list.min242d.css]
[websitedemos.net/digital-agency-02/wp-content/plugins/elementor/assets/css/widget-image.min242d.css]
[websitedemos.net/digital-agency-02/wp-content/plugins/elementor/assets/lib/swiper/v8/css/swiper.min94a4.css]
[websitedemos.net/digital-agency-02/wp-content/plugins/elementor/assets/css/conditionals/e-swiper.min242d.css]
[websitedemos.net/digital-agency-02/wp-content/plugins/elementor/assets/css/widget-image-gallery.min242d.css]
[websitedemos.net/digital-agency-02/wp-content/uploads/sites/836/2021/05/hero-bg.jpg]
[websitedemos.net/digital-agency-02/wp-content/uploads/sites/836/elementor/css/post-6b2d7.css]
[websitedemos.net/digital-agency-02/wp-content/plugins/elementor/assets/lib/eicons/css/elementor-icons.min705c.css]
[websitedemos.net/digital-agency-02/wp-content/plugins/elementor/assets/css/widget-icon-list.min44b4.css]
[websitedemos.net/digital-agency-02/wp-content/plugins/elementor/assets/css/widget-social-icons.min2401.css]
[websitedemos.net/digital-agency-02/wp-content/plugins/elementor/assets/lib/eicons/fonts/eicons4518.svg]
[websitedemos.net/digital-agency-02/wp-content/plugins/elementor/assets/lib/font-awesome/webfonts/fa-brands-400.eot]
[websitedemos.net/digital-agency-02/wp-content/plugins/elementor/assets/lib/font-awesome/webfonts/fa-brands-400.woff2]
[websitedemos.net/digital-agency-02/wp-content/plugins/elementor/assets/lib/font-awesome/webfonts/fa-brands-400d41d.eot]
[websitedemos.net/digital-agency-02/wp-content/plugins/elementor/assets/lib/font-awesome/webfonts/fa-brands-400.woff]
[websitedemos.net/digital-agency-02/wp-content/plugins/elementor/assets/lib/font-awesome/webfonts/fa-brands-400.ttf]
[websitedemos.net/digital-agency-02/wp-content/plugins/elementor/assets/lib/font-awesome/css/brands52d5.css]
[websitedemos.net/digital-agency-02/wp-content/plugins/elementor/assets/lib/font-awesome/css/fontawesome52d5.css]
[websitedemos.net/digital-agency-02/wp-content/plugins/elementor/assets/lib/font-awesome/webfonts/fa-solid-900.eot]
[websitedemos.net/digital-agency-02/wp-content/plugins/elementor/assets/lib/font-awesome/webfonts/fa-brands-400.svg]
[websitedemos.net/digital-agency-02/wp-content/plugins/elementor/assets/lib/font-awesome/webfonts/fa-solid-900d41d.eot]
[websitedemos.net/digital-agency-02/wp-content/plugins/elementor/assets/lib/font-awesome/webfonts/fa-solid-900.woff2]
[websitedemos.net/digital-agency-02/wp-content/plugins/elementor/assets/lib/font-awesome/webfonts/fa-solid-900.woff]
[websitedemos.net/digital-agency-02/wp-content/plugins/elementor/assets/lib/font-awesome/webfonts/fa-solid-900.ttf]
[websitedemos.net/digital-agency-02/wp-content/plugins/elementor/assets/lib/font-awesome/css/solid52d5.css]
[websitedemos.net/digital-agency-02/wp-content/plugins/elementor/assets/lib/font-awesome/webfonts/fa-solid-900.svg]
[websitedemos.net/digital-agency-02/wp-content/uploads/sites/836/elementor/google-fonts/fonts/roboto-kfo5cnqeu92fr1mu53zec9_vu3r1gihoszmkc3kawzu.woff2]
[websitedemos.net/digital-agency-02/wp-content/uploads/sites/836/elementor/google-fonts/fonts/roboto-kfo5cnqeu92fr1mu53zec9_vu3r1gihoszmkankawzu.woff2]
[websitedemos.net/digital-agency-02/wp-content/uploads/sites/836/elementor/google-fonts/fonts/roboto-kfo5cnqeu92fr1mu53zec9_vu3r1gihoszmkcnkawzu.woff2]
[websitedemos.net/digital-agency-02/wp-content/uploads/sites/836/elementor/google-fonts/fonts/roboto-kfo5cnqeu92fr1mu53zec9_vu3r1gihoszmkbxkawzu.woff2]
[websitedemos.net/digital-agency-02/wp-content/uploads/sites/836/elementor/google-fonts/fonts/roboto-kfo5cnqeu92fr1mu53zec9_vu3r1gihoszmkenkawzu.woff2]
[websitedemos.net/digital-agency-02/wp-content/uploads/sites/836/elementor/google-fonts/fonts/roboto-kfo5cnqeu92fr1mu53zec9_vu3r1gihoszmkahkawzu.woff2]
[websitedemos.net/digital-agency-02/wp-content/uploads/sites/836/elementor/google-fonts/fonts/roboto-kfo5cnqeu92fr1mu53zec9_vu3r1gihoszmkcxkawzu.woff2]
[websitedemos.net/digital-agency-02/wp-content/uploads/sites/836/elementor/google-fonts/fonts/roboto-kfo5cnqeu92fr1mu53zec9_vu3r1gihoszmkchkawzu.woff2]
[websitedemos.net/digital-agency-02/wp-content/uploads/sites/836/elementor/google-fonts/fonts/roboto-kfo5cnqeu92fr1mu53zec9_vu3r1gihoszmkbnka.woff2]
[websitedemos.net/digital-agency-02/wp-content/uploads/sites/836/elementor/google-fonts/fonts/roboto-kfo7cnqeu92fr1me7ksn66agldtyluama3gubgee.woff2]
[websitedemos.net/digital-agency-02/wp-content/uploads/sites/836/elementor/google-fonts/fonts/roboto-kfo7cnqeu92fr1me7ksn66agldtyluama3iubgee.woff2]
[websitedemos.net/digital-agency-02/wp-content/uploads/sites/836/elementor/google-fonts/fonts/roboto-kfo7cnqeu92fr1me7ksn66agldtyluama3cubgee.woff2]
[websitedemos.net/digital-agency-02/wp-content/uploads/sites/836/elementor/google-fonts/fonts/roboto-kfo7cnqeu92fr1me7ksn66agldtyluama3-ubgee.woff2]
[websitedemos.net/digital-agency-02/wp-content/uploads/sites/836/elementor/google-fonts/fonts/roboto-kfo7cnqeu92fr1me7ksn66agldtyluamawcubgee.woff2]
[websitedemos.net/digital-agency-02/wp-content/uploads/sites/836/elementor/google-fonts/fonts/roboto-kfo7cnqeu92fr1me7ksn66agldtyluamaxkubgee.woff2]
[websitedemos.net/digital-agency-02/wp-content/uploads/sites/836/elementor/google-fonts/fonts/roboto-kfo7cnqeu92fr1me7ksn66agldtyluama3oubgee.woff2]
[websitedemos.net/digital-agency-02/wp-content/uploads/sites/836/elementor/google-fonts/fonts/roboto-kfo7cnqeu92fr1me7ksn66agldtyluama3kubgee.woff2]
[websitedemos.net/digital-agency-02/wp-content/uploads/sites/836/elementor/google-fonts/fonts/roboto-kfo7cnqeu92fr1me7ksn66agldtyluama3yuba.woff2]
[websitedemos.net/digital-agency-02/wp-content/uploads/sites/836/elementor/google-fonts/css/roboto667e.css]
[websitedemos.net/digital-agency-02/wp-content/uploads/sites/836/elementor/google-fonts/fonts/robotoslab-bngmuxzytxpivibgjjsb6ufa5qw54a.woff2]
[websitedemos.net/digital-agency-02/wp-content/uploads/sites/836/elementor/google-fonts/fonts/robotoslab-bngmuxzytxpivibgjjsb6ufj5qw54a.woff2]
[websitedemos.net/digital-agency-02/wp-content/uploads/sites/836/elementor/google-fonts/fonts/robotoslab-bngmuxzytxpivibgjjsb6ufb5qw54a.woff2]
[websitedemos.net/digital-agency-02/wp-content/uploads/sites/836/elementor/google-fonts/fonts/robotoslab-bngmuxzytxpivibgjjsb6ufo5qw54a.woff2]
[websitedemos.net/digital-agency-02/wp-content/uploads/sites/836/elementor/google-fonts/fonts/robotoslab-bngmuxzytxpivibgjjsb6ufc5qw54a.woff2]
[websitedemos.net/digital-agency-02/wp-content/uploads/sites/836/elementor/google-fonts/fonts/robotoslab-bngmuxzytxpivibgjjsb6ufd5qw54a.woff2]
[websitedemos.net/digital-agency-02/wp-content/uploads/sites/836/elementor/google-fonts/fonts/robotoslab-bngmuxzytxpivibgjjsb6ufn5qu.woff2]
[websitedemos.net/digital-agency-02/wp-content/uploads/sites/836/elementor/google-fonts/css/robotoslab025e.css]
[websitedemos.net/digital-agency-02/wp-content/plugins/elementor/assets/lib/font-awesome/css/fontawesome.min52d5.css]
[websitedemos.net/digital-agency-02/wp-content/plugins/elementor/assets/lib/font-awesome/css/solid.min52d5.css]
[websitedemos.net/digital-agency-02/xmlrpc0db0.html]
[www.googletagmanager.com/gtm5445.html]
[websitedemos.net/digital-agency-02/wp-content/uploads/sites/836/2021/05/logo.svg]
[websitedemos.net/digital-agency-02/wp-content/plugins/elementor/assets/css/widget-divider.min242d.css]
[websitedemos.net/digital-agency-02/wp-content/plugins/elementor/assets/css/widget-image-box.min242d.css]
[websitedemos.net/digital-agency-02/wp-content/uploads/sites/836/elementor/css/post-112c31c.css]
[websitedemos.net/digital-agency-02/wp-json/wp/v2/pages/112.json]
[websitedemos.net/digital-agency-02/wp-json/oembed/1.0/embedc5f3.json]
[websitedemos.net/digital-agency-02/services/index.html]
[websitedemos.net/digital-agency-02/wp-json/oembed/1.0/embed8593]
[websitedemos.net/digital-agency-02/wp-content/plugins/elementor/assets/css/widget-star-rating.min242d.css]
[websitedemos.net/digital-agency-02/wp-content/plugins/elementor/assets/css/widget-testimonial.min242d.css]
[websitedemos.net/digital-agency-02/wp-content/uploads/sites/836/elementor/css/post-113a29f.css]
[websitedemos.net/digital-agency-02/wp-json/wp/v2/pages/113.json]
[websitedemos.net/digital-agency-02/wp-json/oembed/1.0/embeda7d6.json]
[websitedemos.net/digital-agency-02/wp-json/oembed/1.0/embed3801]
[websitedemos.net/digital-agency-02/wp-content/uploads/sites/836/2021/05/customer-3.jpg]
[websitedemos.net/digital-agency-02/wp-content/uploads/sites/836/2021/06/customer-4.jpg]
[websitedemos.net/digital-agency-02/wp-content/uploads/sites/836/2021/05/customer-1.jpg]
[websitedemos.net/digital-agency-02/about/index.html]
[websitedemos.net/digital-agency-02/wp-content/uploads/sites/836/elementor/css/post-114044e.css]
[websitedemos.net/digital-agency-02/wp-content/plugins/elementor/assets/lib/font-awesome/css/brands.min52d5.css]
[websitedemos.net/digital-agency-02/wp-json/wp/v2/pages/114.json]
[websitedemos.net/digital-agency-02/wp-json/oembed/1.0/embed8de0.json]
[websitedemos.net/digital-agency-02/wp-json/oembed/1.0/embed680e]
[websitedemos.net/digital-agency-02/wp-content/plugins/elementor/assets/css/widget-social-icons.min242d.css]
[websitedemos.net/digital-agency-02/wp-content/plugins/elementor/assets/css/conditionals/apple-webkit.min242d.css]
[websitedemos.net/digital-agency-02/contact/index.html]
[websitedemos.net/digital-agency-02/wp-content/themes/astra/assets/css/minified/galleries.min4641.css]
[websitedemos.net/digital-agency-02/wp-content/plugins/elementor/assets/css/widget-google_maps.min242d.css]
[websitedemos.net/digital-agency-02/wp-content/plugins/wpforms-lite/assets/pro/images/times-solid-white.svg]
[websitedemos.net/digital-agency-02/wp-content/plugins/wpforms-lite/assets/css/frontend/classic/wpforms-base.mine4b2.css]
[websitedemos.net/digital-agency-02/wp-content/plugins/elementor/assets/lib/eicons/fonts/eicons4518.svg]
[websitedemos.net/digital-agency-02/wp-content/plugins/elementor/assets/lib/font-awesome/webfonts/fa-brands-400.svg]
[websitedemos.net/digital-agency-02/wp-content/plugins/elementor/assets/lib/font-awesome/webfonts/fa-solid-900.svg]
[websitedemos.net/digital-agency-02/wp-content/plugins/elementor/assets/css/widget-divider.min242d.css]
[websitedemos.net/digital-agency-02/wp-content/plugins/elementor/assets/css/widget-image-box.min242d.css]
[websitedemos.net/digital-agency-02/wp-content/uploads/sites/836/elementor/css/post-112c31c.css]
[websitedemos.net/digital-agency-02/index8820.html]
[websitedemos.net/digital-agency-02/wp-content/plugins/elementor/assets/css/widget-star-rating.min242d.css]
[websitedemos.net/digital-agency-02/wp-content/plugins/elementor/assets/css/widget-testimonial.min242d.css]
[websitedemos.net/digital-agency-02/wp-content/uploads/sites/836/elementor/css/post-113a29f.css]
[websitedemos.net/digital-agency-02/index3961.html]
[websitedemos.net/digital-agency-02/wp-content/uploads/sites/836/elementor/css/post-114044e.css]
[websitedemos.net/digital-agency-02/wp-content/plugins/elementor/assets/lib/font-awesome/css/brands.min52d5.css]
[websitedemos.net/digital-agency-02/index30a5.html]
[websitedemos.net/digital-agency-02/wp-content/plugins/elementor/assets/css/widget-social-icons.min242d.css]
[websitedemos.net/digital-agency-02/wp-content/plugins/elementor/assets/css/conditionals/apple-webkit.min242d.css]
[websitedemos.net/digital-agency-02/wp-content/plugins/elementor/assets/css/widget-google_maps.min242d.css]
[websitedemos.net/digital-agency-02/wp-content/plugins/wpforms-lite/assets/pro/images/times-solid-white.html]
